// Jest Snapshot v1, https://goo.gl/fbAQLP

exports[`AsyncValidationSample renders the initial form 1`] = `
<div
  className="col-12"
>
  <Component
    className="validation-type-picker mt-3 mb-2 col-md-6 row"
    label="Choose the validation type"
    onChange={[Function]}
    options={
      Array [
        Object {
          "label": "onChange",
          "value": "onChange",
        },
        Object {
          "label": "onBlur",
          "value": "onBlur",
        },
        Object {
          "label": "onSubmit",
          "value": "onSubmit",
        },
      ]
    }
    value="onChange"
  />
  <p
    className="small font-italic"
  >
    This validation type will automatically make a validation for each character you enter in the form fields.
  </p>
  <hr />
  <_Form
    data={
      Object {
        "errors": Object {},
        "values": Object {},
      }
    }
    onChange={[Function]}
    onSubmit={[Function]}
    validation={
      Object {
        "email": Object {
          "onChange": [Function],
        },
        "pw": Object {
          "onChange": [Function],
        },
      }
    }
  >
    <div
      className="row"
    >
      <div
        className="col-md-6"
      >
        <Component
          label="Email"
          name="email"
          placeholder="Please enter your email address"
        />
        <Component
          label="Password"
          name="pw"
          placeholder="Set your password"
          type="password"
        />
        <div
          className="btn-toolbar"
        >
          <button
            className="btn btn-success"
            disabled={false}
          >
            <span>
               Submit
            </span>
          </button>
        </div>
      </div>
      <div
        className="col-md-6 mt-3"
      >
        <DisplayValues
          data={
            Object {
              "errors": Object {},
              "values": Object {},
            }
          }
        />
      </div>
    </div>
  </_Form>
</div>
`;
